Modules list:
-------------
interrupt.o:
    CODE              Offs=000000  Size=000013  Align=00001  Fill=0000
vectors.o:
    VECTORS           Offs=000000  Size=000006  Align=00001  Fill=0000
wait.o:
    CODE              Offs=000013  Size=000004  Align=00001  Fill=0000
rs232_tx.o:
    CODE              Offs=000017  Size=00001B  Align=00001  Fill=0000
    ZEROPAGE          Offs=000000  Size=000002  Align=00001  Fill=0000
main.o:
    CODE              Offs=000032  Size=00001E  Align=00001  Fill=0000
    RODATA            Offs=000000  Size=00000D  Align=00001  Fill=0000
sbc.lib(condes.o):
    CODE              Offs=000050  Size=00000C  Align=00001  Fill=0000
    DATA              Offs=000000  Size=000025  Align=00001  Fill=0000
    ONCE              Offs=000000  Size=00000C  Align=00001  Fill=0000
sbc.lib(copydata.o):
    CODE              Offs=00005C  Size=00002D  Align=00001  Fill=0000
sbc.lib(crt0.o):
    STARTUP           Offs=000000  Size=00001C  Align=00001  Fill=0000
sbc.lib(zerobss.o):
    CODE              Offs=000089  Size=000023  Align=00001  Fill=0000
sbc.lib(zeropage.o):
    ZEROPAGE          Offs=000002  Size=00001A  Align=00001  Fill=0000


Segment list:
-------------
Name                   Start     End    Size  Align
----------------------------------------------------
ZEROPAGE              000000  00001B  00001C  00001
DATA                  000200  000224  000025  00001
STARTUP               00F825  00F840  00001C  00001
ONCE                  00F841  00F84C  00000C  00001
CODE                  00F84D  00F8F8  0000AC  00001
RODATA                00F8F9  00F905  00000D  00001
VECTORS               00FFFA  00FFFF  000006  00001


Exports list by name:
---------------------
__BSS_RUN__               000225 RLA    __BSS_SIZE__              000000 REA    
__CONSTRUCTOR_COUNT__     000000 REA    __CONSTRUCTOR_TABLE__     00F841 RLA    
__DATA_LOAD__             00F800 RLA    __DATA_RUN__              000200 RLA    
__DATA_SIZE__             000025 REA    __DESTRUCTOR_COUNT__      000000 REA    
__DESTRUCTOR_TABLE__      00F841 RLA    __RAM_SIZE__              000E00 REA    
__RAM_START__             000200 RLA    __STARTUP__               000001 REA    
_init                     00F825 RLA    _irq_int                  00F84E RLA    
_main                     00F87F RLA    _nmi_int                  00F84D RLA    
_rs232_tx                 00F864 RLA    _stop                     00F863 RLA    
_wait                     00F860 RLA    copydata                  00F8A9 RLA    
donelib                   00F89D RLA    initlib                   00F841 RLA    
ptr1                      00000A RLZ    ptr2                      00000C RLZ    
sp                        000002 RLZ    tmp1                      000012 RLZ    
zerobss                   00F8D6 RLA    


Exports list by value:
----------------------
__BSS_SIZE__              000000 REA    __CONSTRUCTOR_COUNT__     000000 REA    
__DESTRUCTOR_COUNT__      000000 REA    __STARTUP__               000001 REA    
sp                        000002 RLZ    ptr1                      00000A RLZ    
ptr2                      00000C RLZ    tmp1                      000012 RLZ    
__DATA_SIZE__             000025 REA    __DATA_RUN__              000200 RLA    
__RAM_START__             000200 RLA    __BSS_RUN__               000225 RLA    
__RAM_SIZE__              000E00 REA    __DATA_LOAD__             00F800 RLA    
_init                     00F825 RLA    __CONSTRUCTOR_TABLE__     00F841 RLA    
__DESTRUCTOR_TABLE__      00F841 RLA    initlib                   00F841 RLA    
_nmi_int                  00F84D RLA    _irq_int                  00F84E RLA    
_wait                     00F860 RLA    _stop                     00F863 RLA    
_rs232_tx                 00F864 RLA    _main                     00F87F RLA    
donelib                   00F89D RLA    copydata                  00F8A9 RLA    
zerobss                   00F8D6 RLA    


Imports list:
-------------
__BSS_RUN__ ([linker generated]):
    zerobss.o                 common/zerobss.s(8)
__BSS_SIZE__ ([linker generated]):
    zerobss.o                 common/zerobss.s(8)
__CONSTRUCTOR_COUNT__ ([linker generated]):
    condes.o                  runtime/condes.s(18)
__CONSTRUCTOR_TABLE__ ([linker generated]):
    condes.o                  runtime/condes.s(18)
__DATA_LOAD__ ([linker generated]):
    copydata.o                common/copydata.s(8)
__DATA_RUN__ ([linker generated]):
    copydata.o                common/copydata.s(8)
__DATA_SIZE__ ([linker generated]):
    copydata.o                common/copydata.s(8)
__DESTRUCTOR_COUNT__ ([linker generated]):
    condes.o                  runtime/condes.s(19)
__DESTRUCTOR_TABLE__ ([linker generated]):
    condes.o                  runtime/condes.s(19)
__RAM_SIZE__ ([linker generated]):
    crt0.o                    crt0.s(11)
__RAM_START__ ([linker generated]):
    crt0.o                    crt0.s(11)
__STARTUP__ (crt0.o):
    main.o                    main.s(13)
_init (crt0.o):
    vectors.o                 vectors.s(7)
_irq_int (interrupt.o):
    vectors.o                 vectors.s(8)
_main (main.o):
    crt0.o                    crt0.s(8)
_nmi_int (interrupt.o):
    vectors.o                 vectors.s(8)
_rs232_tx (rs232_tx.o):
    main.o                    main.s(15)
_stop (wait.o):
    interrupt.o               interrupt.s(9)
_wait (wait.o):
    main.o                    main.s(14)
copydata (copydata.o):
    crt0.o                    crt0.s(13)
donelib (condes.o):
    crt0.o                    crt0.s(13)
initlib (condes.o):
    crt0.o                    crt0.s(13)
ptr1 (zeropage.o):
    copydata.o                common/copydata.s(9)
    zerobss.o                 common/zerobss.s(9)
ptr2 (zeropage.o):
    copydata.o                common/copydata.s(9)
sp (zeropage.o):
    crt0.o                    /usr/share/cc65/asminc/zeropage.inc(11)
tmp1 (zeropage.o):
    copydata.o                common/copydata.s(9)
zerobss (zerobss.o):
    crt0.o                    crt0.s(13)

